mirror pdp-rope … ok
mirror pdp-path … ok
mirror pdp-deck … ok
mirror pdp-wall … ok
mirror pdp-flood … ok
pdp-rope-m-js screens=4.83/6 forms=2 main=1 sticky=1 mailto=1 photo=1 terms=0/1 glyph=0/0 wa=0 cards=4 cardForms=0 svg=0 liquidErr=0 ovX=false bdi!=0 notFeatured=4 pdp=scene:621px/img1,dusk:135px/img0 guide=1 copyMissing=0
pdp-path-m-js screens=5.01/6 forms=2 main=1 sticky=1 mailto=1 photo=1 terms=0/1 glyph=0/0 wa=0 cards=4 cardForms=0 svg=0 liquidErr=0 ovX=false bdi!=0 notFeatured=4 pdp=scene:596px/img1,dusk:135px/img0 guide=1 copyMissing=0
pdp-deck-m-js screens=4.42/6 forms=2 main=1 sticky=1 mailto=1 photo=1 terms=0/1 glyph=0/0 wa=0 cards=4 cardForms=0 svg=0 liquidErr=0 ovX=false bdi!=0 notFeatured=4 pdp=scene:156px/img0,dusk:135px/img0 guide=1 copyMissing=0
pdp-wall-m-js screens=4.84/6 forms=2 main=1 sticky=1 mailto=1 photo=1 terms=0/1 glyph=0/0 wa=0 cards=4 cardForms=0 svg=0 liquidErr=0 ovX=false bdi!=0 notFeatured=4 pdp=scene:596px/img1 guide=1 copyMissing=0
pdp-flood-m-js screens=4.5/6 forms=2 main=1 sticky=1 mailto=1 photo=1 terms=0/1 glyph=0/0 wa=0 cards=4 cardForms=0 svg=0 liquidErr=0 ovX=false bdi!=0 notFeatured=4 pdp=scene:156px/img0,dusk:135px/img0 guide=1 copyMissing=0
pdp-rope-s-js screens=6.3/6 forms=2 main=1 sticky=1 mailto=1 photo=1 terms=0/1 glyph=0/0 wa=0 cards=4 cardForms=0 svg=0 liquidErr=0 ovX=false bdi!=0 notFeatured=4 pdp=scene:621px/img1,dusk:135px/img0 guide=1 copyMissing=0
pdp-path-s-js screens=6.54/6 forms=2 main=1 sticky=1 mailto=1 photo=1 terms=0/1 glyph=0/0 wa=0 cards=4 cardForms=0 svg=0 liquidErr=0 ovX=false bdi!=0 notFeatured=4 pdp=scene:596px/img1,dusk:135px/img0 guide=1 copyMissing=0
pdp-deck-s-js screens=5.76/6 forms=2 main=1 sticky=1 mailto=1 photo=1 terms=0/1 glyph=0/0 wa=0 cards=4 cardForms=0 svg=0 liquidErr=0 ovX=false bdi!=0 notFeatured=4 pdp=scene:156px/img0,dusk:135px/img0 guide=1 copyMissing=0
pdp-wall-s-js screens=6.31/6 forms=2 main=1 sticky=1 mailto=1 photo=1 terms=0/1 glyph=0/0 wa=0 cards=4 cardForms=0 svg=0 liquidErr=0 ovX=false bdi!=0 notFeatured=4 pdp=scene:596px/img1 guide=1 copyMissing=0
pdp-flood-s-js screens=5.98/6 forms=2 main=1 sticky=1 mailto=1 photo=1 terms=0/1 glyph=0/0 wa=0 cards=4 cardForms=0 svg=0 liquidErr=0 ovX=false bdi!=0 notFeatured=4 pdp=scene:156px/img0,dusk:135px/img0 guide=1 copyMissing=0
pdp-rope-d-js screens=3.53/6 forms=2 main=1 sticky=1 mailto=1 photo=1 terms=0/1 glyph=0/0 wa=0 cards=4 cardForms=0 svg=0 liquidErr=0 ovX=false bdi!=0 notFeatured=4 pdp=scene:714px/img1,dusk:117px/img0 guide=1 copyMissing=0
pdp-path-d-js screens=3.5/6 forms=2 main=1 sticky=1 mailto=1 photo=1 terms=0/1 glyph=0/0 wa=0 cards=4 cardForms=0 svg=0 liquidErr=0 ovX=false bdi!=0 notFeatured=4 pdp=scene:714px/img1,dusk:117px/img0 guide=1 copyMissing=0
pdp-deck-d-js screens=2.86/6 forms=2 main=1 sticky=1 mailto=1 photo=1 terms=0/1 glyph=0/0 wa=0 cards=4 cardForms=0 svg=0 liquidErr=0 ovX=false bdi!=0 notFeatured=4 pdp=scene:154px/img0,dusk:117px/img0 guide=1 copyMissing=0
pdp-wall-d-js screens=3.43/6 forms=2 main=1 sticky=1 mailto=1 photo=1 terms=0/1 glyph=0/0 wa=0 cards=4 cardForms=0 svg=0 liquidErr=0 ovX=false bdi!=0 notFeatured=4 pdp=scene:714px/img1 guide=1 copyMissing=0
pdp-flood-d-js screens=2.88/6 forms=2 main=1 sticky=1 mailto=1 photo=1 terms=0/1 glyph=0/0 wa=0 cards=4 cardForms=0 svg=0 liquidErr=0 ovX=false bdi!=0 notFeatured=4 pdp=scene:154px/img0,dusk:117px/img0 guide=1 copyMissing=0
pdp-rope-m-nojs screens=4.57/6 forms=2 main=1 sticky=1 mailto=1 photo=1 terms=0/1 glyph=0/0 wa=0 cards=4 cardForms=0 svg=0 liquidErr=0 ovX=false bdi!=0 notFeatured=4 pdp=scene:621px/img1,dusk:135px/img0 guide=1 copyMissing=0
pdp-path-m-nojs screens=4.88/6 forms=2 main=1 sticky=1 mailto=1 photo=1 terms=0/1 glyph=0/0 wa=0 cards=4 cardForms=0 svg=0 liquidErr=0 ovX=false bdi!=0 notFeatured=4 pdp=scene:596px/img1,dusk:135px/img0 guide=1 copyMissing=0
pdp-deck-m-nojs screens=4.34/6 forms=2 main=1 sticky=1 mailto=1 photo=1 terms=0/1 glyph=0/0 wa=0 cards=4 cardForms=0 svg=0 liquidErr=0 ovX=false bdi!=0 notFeatured=4 pdp=scene:156px/img0,dusk:135px/img0 guide=1 copyMissing=0
pdp-wall-m-nojs screens=4.53/6 forms=2 main=1 sticky=1 mailto=1 photo=1 terms=0/1 glyph=0/0 wa=0 cards=4 cardForms=0 svg=0 liquidErr=0 ovX=false bdi!=0 notFeatured=4 pdp=scene:596px/img1 guide=1 copyMissing=0
pdp-flood-m-nojs screens=4.35/6 forms=2 main=1 sticky=1 mailto=1 photo=1 terms=0/1 glyph=0/0 wa=0 cards=4 cardForms=0 svg=0 liquidErr=0 ovX=false bdi!=0 notFeatured=4 pdp=scene:156px/img0,dusk:135px/img0 guide=1 copyMissing=0
pdp-rope-s-nojs screens=5.96/6 forms=2 main=1 sticky=1 mailto=1 photo=1 terms=0/1 glyph=0/0 wa=0 cards=4 cardForms=0 svg=0 liquidErr=0 ovX=false bdi!=0 notFeatured=4 pdp=scene:621px/img1,dusk:135px/img0 guide=1 copyMissing=0
pdp-path-s-nojs screens=6.36/6 forms=2 main=1 sticky=1 mailto=1 photo=1 terms=0/1 glyph=0/0 wa=0 cards=4 cardForms=0 svg=0 liquidErr=0 ovX=false bdi!=0 notFeatured=4 pdp=scene:596px/img1,dusk:135px/img0 guide=1 copyMissing=0
pdp-deck-s-nojs screens=5.65/6 forms=2 main=1 sticky=1 mailto=1 photo=1 terms=0/1 glyph=0/0 wa=0 cards=4 cardForms=0 svg=0 liquidErr=0 ovX=false bdi!=0 notFeatured=4 pdp=scene:156px/img0,dusk:135px/img0 guide=1 copyMissing=0
pdp-wall-s-nojs screens=5.9/6 forms=2 main=1 sticky=1 mailto=1 photo=1 terms=0/1 glyph=0/0 wa=0 cards=4 cardForms=0 svg=0 liquidErr=0 ovX=false bdi!=0 notFeatured=4 pdp=scene:596px/img1 guide=1 copyMissing=0
pdp-flood-s-nojs screens=5.79/6 forms=2 main=1 sticky=1 mailto=1 photo=1 terms=0/1 glyph=0/0 wa=0 cards=4 cardForms=0 svg=0 liquidErr=0 ovX=false bdi!=0 notFeatured=4 pdp=scene:156px/img0,dusk:135px/img0 guide=1 copyMissing=0
pdp-rope-d-nojs screens=3.37/6 forms=2 main=1 sticky=1 mailto=1 photo=1 terms=0/1 glyph=0/0 wa=0 cards=4 cardForms=0 svg=0 liquidErr=0 ovX=false bdi!=0 notFeatured=4 pdp=scene:714px/img1,dusk:117px/img0 guide=1 copyMissing=0
pdp-path-d-nojs screens=3.4/6 forms=2 main=1 sticky=1 mailto=1 photo=1 terms=0/1 glyph=0/0 wa=0 cards=4 cardForms=0 svg=0 liquidErr=0 ovX=false bdi!=0 notFeatured=4 pdp=scene:714px/img1,dusk:117px/img0 guide=1 copyMissing=0
pdp-deck-d-nojs screens=2.81/6 forms=2 main=1 sticky=1 mailto=1 photo=1 terms=0/1 glyph=0/0 wa=0 cards=4 cardForms=0 svg=0 liquidErr=0 ovX=false bdi!=0 notFeatured=4 pdp=scene:154px/img0,dusk:117px/img0 guide=1 copyMissing=0
pdp-wall-d-nojs screens=3.17/6 forms=2 main=1 sticky=1 mailto=1 photo=1 terms=0/1 glyph=0/0 wa=0 cards=4 cardForms=0 svg=0 liquidErr=0 ovX=false bdi!=0 notFeatured=4 pdp=scene:714px/img1 guide=1 copyMissing=0
pdp-flood-d-nojs screens=2.82/6 forms=2 main=1 sticky=1 mailto=1 photo=1 terms=0/1 glyph=0/0 wa=0 cards=4 cardForms=0 svg=0 liquidErr=0 ovX=false bdi!=0 notFeatured=4 pdp=scene:154px/img0,dusk:117px/img0 guide=1 copyMissing=0
pdp-variant-sync {"before":{"mainId":"48880936190126","stickyId":"48880936190126","price":"89.90 ₪"},"clicked":"12 מ׳ / 100 נורות","after":{"mainId":"48880936190126","stickyId":"48880936190126","price":"89.90 ₪"},"idsAgree":true,"priceChanged":false,"live":{"postedId":"48880936190126","addStatus":"ok","lineTitle":"שרשרת חבל סולארית לחוץ – 50 עד 300 נורות LED - 7 מ׳ / 50 נורות / לבן חם","drawerHasVariant":true,"dra
wrote brief/side-pages/pdp2/verify-after/verify.json
