=== 1. SIMPLIFY verify (re-mirror)  17:24:07
mirror home … ok
mirror collection-all … ok
mirror collection-path … ok
mirror pdp-rope … ok
mirror pdp-path … ok
mirror pdp-deck … ok
home-m-js screens=5.12/6 forms=0 main=0 sticky=0 mailto=1 photo=1 terms=1/0 glyph=0/0 wa=0 cards=4 cardForms=0 svg=0 liquidErr=0 ovX=false bdi!=0 notFeatured=4
collection-all-m-js screens=7.43/8 forms=0 main=0 sticky=0 mailto=1 photo=1 terms=0/0 glyph=0/0 wa=0 cards=27 cardForms=0 svg=0 liquidErr=0 ovX=false bdi!=0 notFeatured=27
collection-path-m-js screens=3.53/8 forms=0 main=0 sticky=0 mailto=1 photo=1 terms=0/0 glyph=0/0 wa=0 cards=8 cardForms=0 svg=0 liquidErr=0 ovX=false bdi!=0 notFeatured=8
pdp-rope-m-js screens=3.93/6 forms=2 main=1 sticky=1 mailto=1 photo=1 terms=0/1 glyph=0/0 wa=0 cards=4 cardForms=0 svg=0 liquidErr=0 ovX=false bdi!=0 notFeatured=4
pdp-path-m-js screens=4.14/6 forms=2 main=1 sticky=1 mailto=1 photo=1 terms=0/1 glyph=0/0 wa=0 cards=4 cardForms=0 svg=0 liquidErr=0 ovX=false bdi!=0 notFeatured=4
pdp-deck-m-js screens=4.07/6 forms=2 main=1 sticky=1 mailto=1 photo=1 terms=0/1 glyph=0/0 wa=0 cards=4 cardForms=0 svg=0 liquidErr=0 ovX=false bdi!=0 notFeatured=4
home-s-js screens=6.36/6 forms=0 main=0 sticky=0 mailto=1 photo=1 terms=1/0 glyph=0/0 wa=0 cards=4 cardForms=0 svg=0 liquidErr=0 ovX=false bdi!=0 notFeatured=4
collection-all-s-js screens=9.49/8 forms=0 main=0 sticky=0 mailto=1 photo=1 terms=0/0 glyph=0/0 wa=0 cards=27 cardForms=0 svg=0 liquidErr=0 ovX=false bdi!=0 notFeatured=27
collection-path-s-js screens=4.55/8 forms=0 main=0 sticky=0 mailto=1 photo=1 terms=0/0 glyph=0/0 wa=0 cards=8 cardForms=0 svg=0 liquidErr=0 ovX=false bdi!=0 notFeatured=8
pdp-rope-s-js screens=5.12/6 forms=2 main=1 sticky=1 mailto=1 photo=1 terms=0/1 glyph=0/0 wa=0 cards=4 cardForms=0 svg=0 liquidErr=0 ovX=false bdi!=0 notFeatured=4
pdp-path-s-js screens=5.4/6 forms=2 main=1 sticky=1 mailto=1 photo=1 terms=0/1 glyph=0/0 wa=0 cards=4 cardForms=0 svg=0 liquidErr=0 ovX=false bdi!=0 notFeatured=4
pdp-deck-s-js screens=5.3/6 forms=2 main=1 sticky=1 mailto=1 photo=1 terms=0/1 glyph=0/0 wa=0 cards=4 cardForms=0 svg=0 liquidErr=0 ovX=false bdi!=0 notFeatured=4
home-d-js screens=4.02/6 forms=0 main=0 sticky=0 mailto=1 photo=1 terms=1/0 glyph=0/0 wa=0 cards=4 cardForms=0 svg=0 liquidErr=0 ovX=false bdi!=0 notFeatured=4
collection-all-d-js screens=4.59/8 forms=0 main=0 sticky=0 mailto=1 photo=1 terms=0/0 glyph=0/0 wa=0 cards=27 cardForms=0 svg=0 liquidErr=0 ovX=false bdi!=0 notFeatured=27
collection-path-d-js screens=2.29/8 forms=0 main=0 sticky=0 mailto=1 photo=1 terms=0/0 glyph=0/0 wa=0 cards=8 cardForms=0 svg=0 liquidErr=0 ovX=false bdi!=0 notFeatured=8
pdp-rope-d-js screens=2.61/6 forms=2 main=1 sticky=1 mailto=1 photo=1 terms=0/1 glyph=0/0 wa=0 cards=4 cardForms=0 svg=0 liquidErr=0 ovX=false bdi!=0 notFeatured=4
pdp-path-d-js screens=2.58/6 forms=2 main=1 sticky=1 mailto=1 photo=1 terms=0/1 glyph=0/0 wa=0 cards=4 cardForms=0 svg=0 liquidErr=0 ovX=false bdi!=0 notFeatured=4
pdp-deck-d-js screens=2.56/6 forms=2 main=1 sticky=1 mailto=1 photo=1 terms=0/1 glyph=0/0 wa=0 cards=4 cardForms=0 svg=0 liquidErr=0 ovX=false bdi!=0 notFeatured=4
home-m-nojs screens=5.12/6 forms=0 main=0 sticky=0 mailto=1 photo=1 terms=1/0 glyph=0/0 wa=0 cards=4 cardForms=0 svg=0 liquidErr=0 ovX=false bdi!=0 notFeatured=4
collection-all-m-nojs screens=7.43/8 forms=0 main=0 sticky=0 mailto=1 photo=1 terms=0/0 glyph=0/0 wa=0 cards=27 cardForms=0 svg=0 liquidErr=0 ovX=false bdi!=0 notFeatured=27
collection-path-m-nojs screens=3.53/8 forms=0 main=0 sticky=0 mailto=1 photo=1 terms=0/0 glyph=0/0 wa=0 cards=8 cardForms=0 svg=0 liquidErr=0 ovX=false bdi!=0 notFeatured=8
pdp-rope-m-nojs screens=3.67/6 forms=2 main=1 sticky=1 mailto=1 photo=1 terms=0/1 glyph=0/0 wa=0 cards=4 cardForms=0 svg=0 liquidErr=0 ovX=false bdi!=0 notFeatured=4
pdp-path-m-nojs screens=4.01/6 forms=2 main=1 sticky=1 mailto=1 photo=1 terms=0/1 glyph=0/0 wa=0 cards=4 cardForms=0 svg=0 liquidErr=0 ovX=false bdi!=0 notFeatured=4
pdp-deck-m-nojs screens=3.99/6 forms=2 main=1 sticky=1 mailto=1 photo=1 terms=0/1 glyph=0/0 wa=0 cards=4 cardForms=0 svg=0 liquidErr=0 ovX=false bdi!=0 notFeatured=4
home-s-nojs screens=6.36/6 forms=0 main=0 sticky=0 mailto=1 photo=1 terms=1/0 glyph=0/0 wa=0 cards=4 cardForms=0 svg=0 liquidErr=0 ovX=false bdi!=0 notFeatured=4
collection-all-s-nojs screens=9.49/8 forms=0 main=0 sticky=0 mailto=1 photo=1 terms=0/0 glyph=0/0 wa=0 cards=27 cardForms=0 svg=0 liquidErr=0 ovX=false bdi!=0 notFeatured=27
collection-path-s-nojs screens=4.55/8 forms=0 main=0 sticky=0 mailto=1 photo=1 terms=0/0 glyph=0/0 wa=0 cards=8 cardForms=0 svg=0 liquidErr=0 ovX=false bdi!=0 notFeatured=8
pdp-rope-s-nojs screens=4.78/6 forms=2 main=1 sticky=1 mailto=1 photo=1 terms=0/1 glyph=0/0 wa=0 cards=4 cardForms=0 svg=0 liquidErr=0 ovX=false bdi!=0 notFeatured=4
pdp-path-s-nojs screens=5.22/6 forms=2 main=1 sticky=1 mailto=1 photo=1 terms=0/1 glyph=0/0 wa=0 cards=4 cardForms=0 svg=0 liquidErr=0 ovX=false bdi!=0 notFeatured=4
pdp-deck-s-nojs screens=5.19/6 forms=2 main=1 sticky=1 mailto=1 photo=1 terms=0/1 glyph=0/0 wa=0 cards=4 cardForms=0 svg=0 liquidErr=0 ovX=false bdi!=0 notFeatured=4
home-d-nojs screens=4.02/6 forms=0 main=0 sticky=0 mailto=1 photo=1 terms=1/0 glyph=0/0 wa=0 cards=4 cardForms=0 svg=0 liquidErr=0 ovX=false bdi!=0 notFeatured=4
collection-all-d-nojs screens=4.59/8 forms=0 main=0 sticky=0 mailto=1 photo=1 terms=0/0 glyph=0/0 wa=0 cards=27 cardForms=0 svg=0 liquidErr=0 ovX=false bdi!=0 notFeatured=27
collection-path-d-nojs screens=2.29/8 forms=0 main=0 sticky=0 mailto=1 photo=1 terms=0/0 glyph=0/0 wa=0 cards=8 cardForms=0 svg=0 liquidErr=0 ovX=false bdi!=0 notFeatured=8
pdp-rope-d-nojs screens=2.45/6 forms=2 main=1 sticky=1 mailto=1 photo=1 terms=0/1 glyph=0/0 wa=0 cards=4 cardForms=0 svg=0 liquidErr=0 ovX=false bdi!=0 notFeatured=4
pdp-path-d-nojs screens=2.47/6 forms=2 main=1 sticky=1 mailto=1 photo=1 terms=0/1 glyph=0/0 wa=0 cards=4 cardForms=0 svg=0 liquidErr=0 ovX=false bdi!=0 notFeatured=4
pdp-deck-d-nojs screens=2.51/6 forms=2 main=1 sticky=1 mailto=1 photo=1 terms=0/1 glyph=0/0 wa=0 cards=4 cardForms=0 svg=0 liquidErr=0 ovX=false bdi!=0 notFeatured=4
reduced-motion {"card":true,"elementsWithTransition":0}
pdp-variant-sync {"before":{"mainId":"48880936190126","stickyId":"48880936190126","price":"89.90 ₪"},"clicked":"12 מ׳ / 100 נורות","after":{"mainId":"48880936190126","stickyId":"48880936190126","price":"89.90 ₪"},"idsAgree":true,"priceChanged":false,"live":{"postedId":"48880936190126","addStatus":"ok","lineTitle":"שרשרת חבל סולארית לחוץ – 50 עד 300 נורות LED - 7 מ׳ / 50 נורות / לבן חם","drawerHasVariant":true,"dra
wrote brief/side-pages/simplify/verify-after/verify.json
=== 2. cart mirrors  17:26:16
mirrored 267/267 assets → brief/side-pages/cart/verify-after/drawer-full/index.html (393 KB)
mirrored 263/263 assets → brief/side-pages/cart/verify-after/drawer-empty/index.html (381 KB)
mirrored 71/71 assets → brief/side-pages/cart/verify-after/cart-full/index.html (215 KB)
mirrored 65/65 assets → brief/side-pages/cart/verify-after/cart-empty/index.html (198 KB)
=== 3. cart verify  17:26:39
{"checkout":{"t":707,"b":759,"w":311,"h":52},"checkoutLabel":"תשלום","insideFold":true,"belowFoldBy":0,"dominance":3.01,"rival":"צפה בעגלת הקניות","exitLinks":4,"under44":[{"txt":"גרילנדת כדורי קריס","h":42},{"txt":"לכל התנאים ←","h":23},{"txt":"משלוח","h":18}],"items":[{"removes":1,"truncated":false,"title":"מנורת שביל סולארית מנירוסטה – ","lineTotal":true},{"removes":1,"truncated":false,"title":"גרילנדת כדורי קריסטל סולארית –","lineTotal":false}],"tracked":[],"voidAboveSubtotal":32,"terms":{"pickup":true,"days":true,"cancel":true,"photo":false},"overflow":false,"docH":6271,"viewport":"390x844","label":"drawer-full","drawer":"open","jsErrors":2,"liquidErrors":0}
{"checkout":{"t":728,"b":780,"w":284,"h":52},"checkoutLabel":"תשלום","insideFold":false,"belowFoldBy":140,"dominance":2.75,"rival":"צפה בעגלת הקניות","exitLinks":4,"under44":[{"txt":"לכל התנאים ←","h":23},{"txt":"משלוח","h":18}],"items":[{"removes":1,"truncated":false,"title":"מנורת שביל סולארית מנירוסטה – ","lineTotal":true},{"removes":1,"truncated":false,"title":"גרילנדת כדורי קריסטל סולארית –","lineTotal":false}],"tracked":[],"voidAboveSubtotal":32,"terms":{"pickup":true,"days":true,"cancel":true,"photo":false},"overflow":false,"docH":6072,"viewport":"360x640","label":"drawer-full","drawer":"open","jsErrors":2,"liquidErrors":0}
{"checkout":{"t":767,"b":819,"w":248,"h":52},"checkoutLabel":"תשלום","insideFold":false,"belowFoldBy":251,"dominance":2.4,"rival":"צפה בעגלת הקניות","exitLinks":4,"under44":[{"txt":"לכל התנאים ←","h":23},{"txt":"משלוח","h":18}],"items":[{"removes":1,"truncated":false,"title":"מנורת שביל סולארית מנירוסטה – ","lineTotal":true},{"removes":1,"truncated":false,"title":"גרילנדת כדורי קריסטל סולארית –","lineTotal":false}],"tracked":[],"voidAboveSubtotal":32,"terms":{"pickup":true,"days":true,"cancel":true,"photo":false},"overflow":false,"docH":5802,"viewport":"320x568","label":"drawer-full","drawer":"open","jsErrors":2,"liquidErrors":0}
{"checkout":{"t":729,"b":781,"w":300,"h":52},"checkoutLabel":"תשלום","insideFold":true,"belowFoldBy":0,"dominance":2.91,"rival":"צפה בעגלת הקניות","exitLinks":4,"under44":[{"txt":"לכל התנאים ←","h":23},{"txt":"משלוח","h":19}],"items":[{"removes":1,"truncated":false,"title":"מנורת שביל סולארית מנירוסטה – ","lineTotal":true},{"removes":1,"truncated":false,"title":"גרילנדת כדורי קריסטל סולארית –","lineTotal":false}],"tracked":[],"voidAboveSubtotal":32,"terms":{"pickup":true,"days":true,"cancel":true,"photo":false},"overflow":false,"docH":4133,"viewport":"1440x900","label":"drawer-full","drawer":"open","jsErrors":2,"liquidErrors":0}
{"checkout":null,"checkoutLabel":null,"insideFold":null,"belowFoldBy":null,"dominance":0,"rival":"ספוטים, פרוז׳קטורים ותאו","exitLinks":0,"under44":[{"txt":"תאורת שביל, עמוד ו","h":22},{"txt":"תאורת קיר","h":22},{"txt":"ספוטים, פרוז׳קטורי","h":22},{"txt":"גרילנדות ותאורה דק","h":22}],"items":[],"tracked":[],"voidAboveSubtotal":null,"terms":{"pickup":false,"days":false,"cancel":false,"photo":false},"overflow":false,"docH":6271,"viewport":"390x844","label":"drawer-empty","drawer":"open","jsErrors":2,"liquidErrors":0}
{"checkout":null,"checkoutLabel":null,"insideFold":null,"belowFoldBy":null,"dominance":0,"rival":"ספוטים, פרוז׳קטורים ותאו","exitLinks":0,"under44":[{"txt":"תאורת שביל, עמוד ו","h":22},{"txt":"תאורת קיר","h":22},{"txt":"ספוטים, פרוז׳קטורי","h":22},{"txt":"גרילנדות ותאורה דק","h":22}],"items":[],"tracked":[],"voidAboveSubtotal":null,"terms":{"pickup":false,"days":false,"cancel":false,"photo":false},"overflow":false,"docH":6072,"viewport":"360x640","label":"drawer-empty","drawer":"open","jsErrors":2,"liquidErrors":0}
{"checkout":null,"checkoutLabel":null,"insideFold":null,"belowFoldBy":null,"dominance":0,"rival":"ספוטים, פרוז׳קטורים ותאו","exitLinks":0,"under44":[{"txt":"תאורת שביל, עמוד ו","h":22},{"txt":"תאורת קיר","h":22},{"txt":"ספוטים, פרוז׳קטורי","h":22},{"txt":"גרילנדות ותאורה דק","h":22}],"items":[],"tracked":[],"voidAboveSubtotal":null,"terms":{"pickup":false,"days":false,"cancel":false,"photo":false},"overflow":false,"docH":5802,"viewport":"320x568","label":"drawer-empty","drawer":"open","jsErrors":2,"liquidErrors":0}
{"checkout":null,"checkoutLabel":null,"insideFold":null,"belowFoldBy":null,"dominance":0,"rival":"ספוטים, פרוז׳קטורים ותאו","exitLinks":0,"under44":[{"txt":"תאורת שביל, עמוד ו","h":22},{"txt":"תאורת קיר","h":22},{"txt":"ספוטים, פרוז׳קטורי","h":22},{"txt":"גרילנדות ותאורה דק","h":22}],"items":[],"tracked":[],"voidAboveSubtotal":null,"terms":{"pickup":false,"days":false,"cancel":false,"photo":false},"overflow":false,"docH":4133,"viewport":"1440x900","label":"drawer-empty","drawer":"open","jsErrors":2,"liquidErrors":0}
{"checkout":{"t":307,"b":359,"w":360,"h":52},"checkoutLabel":"תשלום","insideFold":true,"belowFoldBy":0,"dominance":4.55,"rival":"ספוטים, פרוז׳קטורים ותאו","exitLinks":7,"under44":[{"txt":"דילוג לתוכן","h":1},{"txt":"","h":40},{"txt":"","h":23},{"txt":"3\n      \n      429","h":24},{"txt":"מנורת שביל סולארית","h":41},{"txt":"גרילנדת כדורי קריס","h":41},{"txt":"לכל התנאים ←","h":23},{"txt":"משלוח","h":21},{"txt":"תאורת שביל, עמוד ו","h":21},{"txt":"תאורת קיר","h":21},{"txt":"ספוטים, פרוז׳קטורי","h":21},{"txt":"גרילנדות ותאורה דק","h":21},{"txt":"מדריך לבחירת תאורה","h":21},{"txt":"למה תאורה סולארית","h":21},{"txt":"מי אנחנו","h":21},{"txt":"משלוחים ואספקה","h":21},{"txt":"זמני טיפול","h":21},{"txt":"שאלות נפוצות","h":21},{"txt":"עמוד יצירת קשר","h":21},{"txt":"לשלוח תמונה של המק","h":21},{"txt":"תנאי משלוח וביטול","h":21}],"items":[{"removes":1,"truncated":false,"title":"מנורת שביל סולארית מנירוסטה – ","lineTotal":false},{"removes":1,"truncated":false,"title":"גרילנדת כדורי קריסטל סולארית –","lineTotal":false}],"tracked":[],"voidAboveSubtotal":-691,"terms":{"pickup":true,"days":true,"cancel":true,"photo":true},"overflow":false,"docH":1939,"viewport":"390x844","label":"cart-full","drawer":null,"jsErrors":2,"liquidErrors":0}
{"checkout":{"t":328,"b":380,"w":330,"h":52},"checkoutLabel":"תשלום","insideFold":true,"belowFoldBy":0,"dominance":4.17,"rival":"ספוטים, פרוז׳קטורים ותאו","exitLinks":7,"under44":[{"txt":"דילוג לתוכן","h":1},{"txt":"","h":40},{"txt":"","h":23},{"txt":"3\n      \n      429","h":24},{"txt":"מנורת שביל סולארית","h":41},{"txt":"גרילנדת כדורי קריס","h":41},{"txt":"לכל התנאים ←","h":23},{"txt":"משלוח","h":21},{"txt":"תאורת שביל, עמוד ו","h":21},{"txt":"תאורת קיר","h":21},{"txt":"ספוטים, פרוז׳קטורי","h":21},{"txt":"גרילנדות ותאורה דק","h":21},{"txt":"מדריך לבחירת תאורה","h":21},{"txt":"למה תאורה סולארית","h":21},{"txt":"מי אנחנו","h":21},{"txt":"משלוחים ואספקה","h":21},{"txt":"זמני טיפול","h":21},{"txt":"שאלות נפוצות","h":21},{"txt":"עמוד יצירת קשר","h":21},{"txt":"לשלוח תמונה של המק","h":21},{"txt":"תנאי משלוח וביטול","h":21}],"items":[{"removes":1,"truncated":false,"title":"מנורת שביל סולארית מנירוסטה – ","lineTotal":false},{"removes":1,"truncated":false,"title":"גרילנדת כדורי קריסטל סולארית –","lineTotal":false}],"tracked":[],"voidAboveSubtotal":-712,"terms":{"pickup":true,"days":true,"cancel":true,"photo":true},"overflow":false,"docH":1960,"viewport":"360x640","label":"cart-full","drawer":null,"jsErrors":2,"liquidErrors":0}
{"checkout":{"t":328,"b":380,"w":290,"h":52},"checkoutLabel":"תשלום","insideFold":true,"belowFoldBy":0,"dominance":3.67,"rival":"ספוטים, פרוז׳קטורים ותאו","exitLinks":7,"under44":[{"txt":"דילוג לתוכן","h":1},{"txt":"","h":40},{"txt":"","h":23},{"txt":"3\n      \n      429","h":24},{"txt":"לכל התנאים ←","h":23},{"txt":"משלוח","h":21},{"txt":"תאורת שביל, עמוד ו","h":21},{"txt":"תאורת קיר","h":21},{"txt":"ספוטים, פרוז׳קטורי","h":21},{"txt":"גרילנדות ותאורה דק","h":21},{"txt":"מדריך לבחירת תאורה","h":21},{"txt":"למה תאורה סולארית","h":21},{"txt":"מי אנחנו","h":21},{"txt":"משלוחים ואספקה","h":21},{"txt":"זמני טיפול","h":21},{"txt":"שאלות נפוצות","h":21},{"txt":"עמוד יצירת קשר","h":21},{"txt":"לשלוח תמונה של המק","h":21},{"txt":"תנאי משלוח וביטול","h":21}],"items":[{"removes":1,"truncated":false,"title":"מנורת שביל סולארית מנירוסטה – ","lineTotal":false},{"removes":1,"truncated":false,"title":"גרילנדת כדורי קריסטל סולארית –","lineTotal":false}],"tracked":[],"voidAboveSubtotal":-768,"terms":{"pickup":true,"days":true,"cancel":true,"photo":true},"overflow":false,"docH":2016,"viewport":"320x568","label":"cart-full","drawer":null,"jsErrors":2,"liquidErrors":0}
{"checkout":{"t":747,"b":799,"w":570,"h":52},"checkoutLabel":"תשלום","insideFold":true,"belowFoldBy":0,"dominance":7.2,"rival":"ספוטים, פרוז׳קטורים ותאו","exitLinks":7,"under44":[{"txt":"דילוג לתוכן","h":1},{"txt":"","h":23},{"txt":"דף הבית","h":21},{"txt":"תאורת שביל, עמוד ו","h":21},{"txt":"תאורת קיר","h":21},{"txt":"ספוטים, פרוז׳קטורי","h":21},{"txt":"גרילנדות ותאורה דק","h":21},{"txt":"מדריך לבחירה","h":21},{"txt":"שאלות נפוצות","h":21},{"txt":"מי אנחנו","h":21},{"txt":"יצירת קשר","h":21},{"txt":"3\n      \n      429","h":24},{"txt":"מנורת שביל סולארית","h":21},{"txt":"גרילנדת כדורי קריס","h":21},{"txt":"לכל התנאים ←","h":23},{"txt":"משלוח","h":21},{"txt":"תאורת שביל, עמוד ו","h":21},{"txt":"תאורת קיר","h":21},{"txt":"ספוטים, פרוז׳קטורי","h":21},{"txt":"גרילנדות ותאורה דק","h":21},{"txt":"מדריך לבחירת תאורה","h":21},{"txt":"למה תאורה סולארית","h":21},{"txt":"מי אנחנו","h":21},{"txt":"משלוחים ואספקה","h":21},{"txt":"זמני טיפול","h":21},{"txt":"שאלות נפוצות","h":21},{"txt":"עמוד יצירת קשר","h":21},{"txt":"לשלוח תמונה של המק","h":21},{"txt":"תנאי משלוח וביטול","h":21}],"items":[{"removes":1,"truncated":false,"title":"מנורת שביל סולארית מנירוסטה – ","lineTotal":false},{"removes":1,"truncated":false,"title":"גרילנדת כדורי קריסטל סולארית –","lineTotal":false}],"tracked":[],"voidAboveSubtotal":81,"terms":{"pickup":true,"days":true,"cancel":true,"photo":true},"overflow":false,"docH":1376,"viewport":"1440x900","label":"cart-full","drawer":null,"jsErrors":2,"liquidErrors":0}
{"checkout":null,"checkoutLabel":null,"insideFold":null,"belowFoldBy":null,"dominance":0,"rival":"ספוטים, פרוז׳קטורים ותאו","exitLinks":3,"under44":[{"txt":"דילוג לתוכן","h":1},{"txt":"","h":40},{"txt":"","h":23},{"txt":"0\n      \n      0.0","h":24},{"txt":"תאורת שביל, עמוד ו","h":22},{"txt":"תאורת קיר","h":22},{"txt":"ספוטים, פרוז׳קטורי","h":22},{"txt":"גרילנדות ותאורה דק","h":22},{"txt":"תאורת שביל, עמוד ו","h":21},{"txt":"תאורת קיר","h":21},{"txt":"ספוטים, פרוז׳קטורי","h":21},{"txt":"גרילנדות ותאורה דק","h":21},{"txt":"מדריך לבחירת תאורה","h":21},{"txt":"למה תאורה סולארית","h":21},{"txt":"מי אנחנו","h":21},{"txt":"משלוחים ואספקה","h":21},{"txt":"זמני טיפול","h":21},{"txt":"שאלות נפוצות","h":21},{"txt":"עמוד יצירת קשר","h":21},{"txt":"לשלוח תמונה של המק","h":21},{"txt":"תנאי משלוח וביטול","h":21}],"items":[],"tracked":[],"voidAboveSubtotal":null,"terms":{"pickup":false,"days":false,"cancel":true,"photo":true},"overflow":false,"docH":1434,"viewport":"390x844","label":"cart-empty","drawer":null,"jsErrors":2,"liquidErrors":0}
{"checkout":null,"checkoutLabel":null,"insideFold":null,"belowFoldBy":null,"dominance":0,"rival":"ספוטים, פרוז׳קטורים ותאו","exitLinks":3,"under44":[{"txt":"דילוג לתוכן","h":1},{"txt":"","h":40},{"txt":"","h":23},{"txt":"0\n      \n      0.0","h":24},{"txt":"תאורת שביל, עמוד ו","h":22},{"txt":"תאורת קיר","h":22},{"txt":"ספוטים, פרוז׳קטורי","h":22},{"txt":"גרילנדות ותאורה דק","h":22},{"txt":"תאורת שביל, עמוד ו","h":21},{"txt":"תאורת קיר","h":21},{"txt":"ספוטים, פרוז׳קטורי","h":21},{"txt":"גרילנדות ותאורה דק","h":21},{"txt":"מדריך לבחירת תאורה","h":21},{"txt":"למה תאורה סולארית","h":21},{"txt":"מי אנחנו","h":21},{"txt":"משלוחים ואספקה","h":21},{"txt":"זמני טיפול","h":21},{"txt":"שאלות נפוצות","h":21},{"txt":"עמוד יצירת קשר","h":21},{"txt":"לשלוח תמונה של המק","h":21},{"txt":"תנאי משלוח וביטול","h":21}],"items":[],"tracked":[],"voidAboveSubtotal":null,"terms":{"pickup":false,"days":false,"cancel":true,"photo":true},"overflow":false,"docH":1434,"viewport":"360x640","label":"cart-empty","drawer":null,"jsErrors":2,"liquidErrors":0}
{"checkout":null,"checkoutLabel":null,"insideFold":null,"belowFoldBy":null,"dominance":0,"rival":"ספוטים, פרוז׳קטורים ותאו","exitLinks":3,"under44":[{"txt":"דילוג לתוכן","h":1},{"txt":"","h":40},{"txt":"","h":23},{"txt":"0\n      \n      0.0","h":24},{"txt":"תאורת שביל, עמוד ו","h":22},{"txt":"תאורת קיר","h":22},{"txt":"ספוטים, פרוז׳קטורי","h":22},{"txt":"גרילנדות ותאורה דק","h":22},{"txt":"תאורת שביל, עמוד ו","h":21},{"txt":"תאורת קיר","h":21},{"txt":"ספוטים, פרוז׳קטורי","h":21},{"txt":"גרילנדות ותאורה דק","h":21},{"txt":"מדריך לבחירת תאורה","h":21},{"txt":"למה תאורה סולארית","h":21},{"txt":"מי אנחנו","h":21},{"txt":"משלוחים ואספקה","h":21},{"txt":"זמני טיפול","h":21},{"txt":"שאלות נפוצות","h":21},{"txt":"עמוד יצירת קשר","h":21},{"txt":"לשלוח תמונה של המק","h":21},{"txt":"תנאי משלוח וביטול","h":21}],"items":[],"tracked":[],"voidAboveSubtotal":null,"terms":{"pickup":false,"days":false,"cancel":true,"photo":true},"overflow":false,"docH":1434,"viewport":"320x568","label":"cart-empty","drawer":null,"jsErrors":2,"liquidErrors":0}
{"checkout":null,"checkoutLabel":null,"insideFold":null,"belowFoldBy":null,"dominance":0,"rival":"ספוטים, פרוז׳קטורים ותאו","exitLinks":3,"under44":[{"txt":"דילוג לתוכן","h":1},{"txt":"","h":23},{"txt":"דף הבית","h":21},{"txt":"תאורת שביל, עמוד ו","h":21},{"txt":"תאורת קיר","h":21},{"txt":"ספוטים, פרוז׳קטורי","h":21},{"txt":"גרילנדות ותאורה דק","h":21},{"txt":"מדריך לבחירה","h":21},{"txt":"שאלות נפוצות","h":21},{"txt":"מי אנחנו","h":21},{"txt":"יצירת קשר","h":21},{"txt":"0\n      \n      0.0","h":24},{"txt":"תאורת שביל, עמוד ו","h":22},{"txt":"תאורת קיר","h":22},{"txt":"ספוטים, פרוז׳קטורי","h":22},{"txt":"גרילנדות ותאורה דק","h":22},{"txt":"תאורת שביל, עמוד ו","h":21},{"txt":"תאורת קיר","h":21},{"txt":"ספוטים, פרוז׳קטורי","h":21},{"txt":"גרילנדות ותאורה דק","h":21},{"txt":"מדריך לבחירת תאורה","h":21},{"txt":"למה תאורה סולארית","h":21},{"txt":"מי אנחנו","h":21},{"txt":"משלוחים ואספקה","h":21},{"txt":"זמני טיפול","h":21},{"txt":"שאלות נפוצות","h":21},{"txt":"עמוד יצירת קשר","h":21},{"txt":"לשלוח תמונה של המק","h":21},{"txt":"תנאי משלוח וביטול","h":21}],"items":[],"tracked":[],"voidAboveSubtotal":null,"terms":{"pickup":false,"days":false,"cancel":true,"photo":true},"overflow":false,"docH":1179,"viewport":"1440x900","label":"cart-empty","drawer":null,"jsErrors":2,"liquidErrors":0}
=== 4. drawer + cart shots  17:27:22
desktop: height=4133px horizontal-overflow=false js-errors=2 TypeError: Failed to fetch dynamically imported module: http://127.0.0.1:34805/a/ee2dde4a8a54739b5011515d7f9480c5.js | TypeError: Cannot read properties of null (reading 'innerHTML')
mobile: drawer=element.open() open
mobile: height=6271px horizontal-overflow=false js-errors=2 TypeError: Failed to fetch dynamically imported module: http://127.0.0.1:34805/a/ee2dde4a8a54739b5011515d7f9480c5.js | TypeError: Cannot read properties of null (reading 'innerHTML')
desktop: height=4133px horizontal-overflow=false js-errors=2 TypeError: Failed to fetch dynamically imported module: http://127.0.0.1:34381/a/ee2dde4a8a54739b5011515d7f9480c5.js | TypeError: Cannot read properties of null (reading 'innerHTML')
mobile: drawer=element.open() open
mobile: height=6271px horizontal-overflow=false js-errors=2 TypeError: Failed to fetch dynamically imported module: http://127.0.0.1:34381/a/ee2dde4a8a54739b5011515d7f9480c5.js | TypeError: Cannot read properties of null (reading 'innerHTML')
desktop: height=1376px horizontal-overflow=false js-errors=2 TypeError: Failed to fetch dynamically imported module: http://127.0.0.1:42527/a/ee2dde4a8a54739b5011515d7f9480c5.js | TypeError: Cannot read properties of null (reading 'innerHTML')
mobile: height=1939px horizontal-overflow=false js-errors=2 TypeError: Failed to fetch dynamically imported module: http://127.0.0.1:42527/a/ee2dde4a8a54739b5011515d7f9480c5.js | TypeError: Cannot read properties of null (reading 'innerHTML')
desktop: height=1179px horizontal-overflow=false js-errors=2 TypeError: Failed to fetch dynamically imported module: http://127.0.0.1:34841/a/ee2dde4a8a54739b5011515d7f9480c5.js | TypeError: Cannot read properties of null (reading 'innerHTML')
mobile: height=1434px horizontal-overflow=false js-errors=2 TypeError: Failed to fetch dynamically imported module: http://127.0.0.1:34841/a/ee2dde4a8a54739b5011515d7f9480c5.js | TypeError: Cannot read properties of null (reading 'innerHTML')
=== 5. rope PDP with the cart jar -> drawer shot for the owner page  17:28:12
mirrored 183/183 assets → brief/side-pages/simplify/verify-after/mirrors/pdp-rope-cart/index.html (341 KB)
desktop: height=2354px horizontal-overflow=false js-errors=3 TypeError: Failed to fetch dynamically imported module: http://127.0.0.1:45975/a/ee2dde4a8a54739b5011515d7f9480c5.js | solar-rope-string-lights not loaded json | TypeError: Cannot read properties of null (reading 'innerHTML')
mobile: drawer=element.open() open
mobile: height=3318px horizontal-overflow=false js-errors=3 TypeError: Failed to fetch dynamically imported module: http://127.0.0.1:45975/a/ee2dde4a8a54739b5011515d7f9480c5.js | solar-rope-string-lights not loaded json | TypeError: Cannot read properties of null (reading 'innerHTML')
=== done 17:28:27
